// Jest Snapshot v1, https://goo.gl/fbAQLP

exports[`Renders ImageClassification component correctly 1`] = `
<div>
  <div
    className="imageClassificationResultsData"
  >
    <div>
      web site
    </div>
    <div
      className="value"
    >
      92.499
      %
    </div>
  </div>
  <div
    className="imageClassificationResultsData"
  >
    <div>
      book jacket
    </div>
    <div
      className="value"
    >
      1.969
      %
    </div>
  </div>
  <div
    className="imageClassificationResultsData"
  >
    <div>
      comic book
    </div>
    <div
      className="value"
    >
      1.218
      %
    </div>
  </div>
  <div
    className="imageClassificationResultsData"
  >
    <div>
      envelope
    </div>
    <div
      className="value"
    >
      0.117
      %
    </div>
  </div>
  <div
    className="imageClassificationResultsData"
  >
    <div>
      analog clock
    </div>
    <div
      className="value"
    >
      0.095
      %
    </div>
  </div>
</div>
`;
