// Jest Snapshot v1, https://goo.gl/fbAQLP

exports[`Renders ImageClassification component correctly 1`] = `
<div
  className="objectDetectionResultsData"
>
  <div>
    person
  </div>
  <div>
    <div
      className="value"
    >
      99.941
      %
    </div>
    <div
      className="value"
    >
      99.852
      %
    </div>
  </div>
</div>
`;
