// Jest Snapshot v1, https://goo.gl/fbAQLP

exports[`Test Login Page Renders login page correctly 1`] = `
<div
  className="collagePage"
>
  <img
    alt="collage"
    className="collage"
    src="data:image/jpeg;base64,iVBORw0KGgoAAAANSUhEUgAAAAUAAAAFCAYAAACNbyblAAAAHElEQVQI12P4//8/w38GIAXDIBKE0DHxgljNBAAO9TXL0Y4OHwAAAABJRU5ErkJggg=="
  />
</div>
`;
