// Jest Snapshot v1, https://goo.gl/fbAQLP

exports[`Renders Results page correctly 1`] = `
<div
  className="resultsPage"
>
  <div>
    <h1
      className="resultTitle"
    >
      Analysis Results
    </h1>
    <button
      onClick={[Function]}
      type="button"
    >
      Export to JSON
    </button>
    <div
      className="resultListContainer"
    >
      <div
        className="imageFeatureResult"
      >
        <h4 />
        <div
          className="imageContainer"
        >
          <img
            alt="results"
            className="image"
            src="data:image/jpeg;base64,base 64 image string"
          />
        </div>
        <div>
          <div
            className="gradient"
          >
            <div
              className="analysisHeader"
            >
              Color Analysis
            </div>
          </div>
          <div>
            <div>
              <div>
                RGB Values and Proportion
              </div>
              <div
                style={
                  Object {
                    "backgroundColor": "rgb(230, 226, 216)",
                  }
                }
              >
                <span
                  style={
                    Object {
                      "padding": "0.5rem",
                    }
                  }
                >
                  <span
                    style={
                      Object {
                        "mixBlendMode": "difference",
                      }
                    }
                  >
                    230
                    , 
                  </span>
                  <span
                    style={
                      Object {
                        "mixBlendMode": "difference",
                      }
                    }
                  >
                    226
                    , 
                  </span>
                  <span
                    style={
                      Object {
                        "mixBlendMode": "difference",
                      }
                    }
                  >
                    216
                  </span>
                </span>
                <span>
                  <span
                    style={
                      Object {
                        "float": "right",
                        "mixBlendMode": "difference",
                      }
                    }
                  >
                    42.540
                    %
                  </span>
                </span>
              </div>
              <div
                style={
                  Object {
                    "backgroundColor": "rgb(9, 24, 38)",
                  }
                }
              >
                <span
                  style={
                    Object {
                      "padding": "0.5rem",
                    }
                  }
                >
                  <span
                    style={
                      Object {
                        "mixBlendMode": "difference",
                      }
                    }
                  >
                    9
                    , 
                  </span>
                  <span
                    style={
                      Object {
                        "mixBlendMode": "difference",
                      }
                    }
                  >
                    24
                    , 
                  </span>
                  <span
                    style={
                      Object {
                        "mixBlendMode": "difference",
                      }
                    }
                  >
                    38
                  </span>
                </span>
                <span>
                  <span
                    style={
                      Object {
                        "float": "right",
                        "mixBlendMode": "difference",
                      }
                    }
                  >
                    16.557
                    %
                  </span>
                </span>
              </div>
              <div
                style={
                  Object {
                    "backgroundColor": "rgb(172, 165, 158)",
                  }
                }
              >
                <span
                  style={
                    Object {
                      "padding": "0.5rem",
                    }
                  }
                >
                  <span
                    style={
                      Object {
                        "mixBlendMode": "difference",
                      }
                    }
                  >
                    172
                    , 
                  </span>
                  <span
                    style={
                      Object {
                        "mixBlendMode": "difference",
                      }
                    }
                  >
                    165
                    , 
                  </span>
                  <span
                    style={
                      Object {
                        "mixBlendMode": "difference",
                      }
                    }
                  >
                    158
                  </span>
                </span>
                <span>
                  <span
                    style={
                      Object {
                        "float": "right",
                        "mixBlendMode": "difference",
                      }
                    }
                  >
                    15.258
                    %
                  </span>
                </span>
              </div>
              <div
                style={
                  Object {
                    "backgroundColor": "rgb(112, 96, 78)",
                  }
                }
              >
                <span
                  style={
                    Object {
                      "padding": "0.5rem",
                    }
                  }
                >
                  <span
                    style={
                      Object {
                        "mixBlendMode": "difference",
                      }
                    }
                  >
                    112
                    , 
                  </span>
                  <span
                    style={
                      Object {
                        "mixBlendMode": "difference",
                      }
                    }
                  >
                    96
                    , 
                  </span>
                  <span
                    style={
                      Object {
                        "mixBlendMode": "difference",
                      }
                    }
                  >
                    78
                  </span>
                </span>
                <span>
                  <span
                    style={
                      Object {
                        "float": "right",
                        "mixBlendMode": "difference",
                      }
                    }
                  >
                    9.587
                    %
                  </span>
                </span>
              </div>
              <div
                style={
                  Object {
                    "backgroundColor": "rgb(37, 33, 23)",
                  }
                }
              >
                <span
                  style={
                    Object {
                      "padding": "0.5rem",
                    }
                  }
                >
                  <span
                    style={
                      Object {
                        "mixBlendMode": "difference",
                      }
                    }
                  >
                    37
                    , 
                  </span>
                  <span
                    style={
                      Object {
                        "mixBlendMode": "difference",
                      }
                    }
                  >
                    33
                    , 
                  </span>
                  <span
                    style={
                      Object {
                        "mixBlendMode": "difference",
                      }
                    }
                  >
                    23
                  </span>
                </span>
                <span>
                  <span
                    style={
                      Object {
                        "float": "right",
                        "mixBlendMode": "difference",
                      }
                    }
                  >
                    7.739
                    %
                  </span>
                </span>
              </div>
            </div>
          </div>
          <div
            className="gradient"
          >
            <div
              className="analysisHeader"
            >
              Object Detection
            </div>
          </div>
          <div>
            <div
              className="objectDetectionResultsData"
            >
              <div>
                person
              </div>
              <div>
                <div
                  className="value"
                >
                  99.846
                  %
                </div>
              </div>
            </div>
            <div
              className="objectDetectionResultsData"
            >
              <div>
                laptop
              </div>
              <div>
                <div
                  className="value"
                >
                  93.873
                  %
                </div>
                <div
                  className="value"
                >
                  63.564
                  %
                </div>
              </div>
            </div>
            <div
              className="objectDetectionResultsData"
            >
              <div>
                cup
              </div>
              <div>
                <div
                  className="value"
                >
                  90.604
                  %
                </div>
              </div>
            </div>
          </div>
          <div
            className="gradient"
          >
            <div
              className="analysisHeader"
            >
              Image Classification
            </div>
          </div>
          <div>
            <div>
              <div
                className="imageClassificationResultsData"
              >
                <div>
                  cellular telephone
                </div>
                <div
                  className="value"
                >
                  69.363
                  %
                </div>
              </div>
              <div
                className="imageClassificationResultsData"
              >
                <div>
                  notebook
                </div>
                <div
                  className="value"
                >
                  19.310
                  %
                </div>
              </div>
              <div
                className="imageClassificationResultsData"
              >
                <div>
                  hand-held computer
                </div>
                <div
                  className="value"
                >
                  4.425
                  %
                </div>
              </div>
              <div
                className="imageClassificationResultsData"
              >
                <div>
                  web site
                </div>
                <div
                  className="value"
                >
                  2.184
                  %
                </div>
              </div>
              <div
                className="imageClassificationResultsData"
              >
                <div>
                  television
                </div>
                <div
                  className="value"
                >
                  1.455
                  %
                </div>
              </div>
            </div>
          </div>
          <div
            className="gradient"
          >
            <div
              className="analysisHeader"
            >
              Sentiment Classification
            </div>
          </div>
          <div>
            <div>
              <div
                className="sentimentClassificationData"
              >
                <div>
                  Negative
                </div>
                <div
                  className="value"
                >
                  59.64%
                </div>
              </div>
              <div
                className="sentimentClassificationData"
              >
                <div>
                  Neutral
                </div>
                <div
                  className="value"
                >
                  13.20%
                </div>
              </div>
              <div
                className="sentimentClassificationData"
              >
                <div>
                  Postive
                </div>
                <div
                  className="value"
                >
                  27.16%
                </div>
              </div>
            </div>
          </div>
          <div
            className="gradient"
          >
            <div
              className="analysisHeader"
            >
              Text Recognition
            </div>
          </div>
          <div>
            No text detected
          </div>
          <div
            className="gradient"
          >
            <div
              className="analysisHeader"
            >
              Facial Analysis
            </div>
          </div>
          <div>
            <div>
              <div>
                <div
                  className="faceResults"
                >
                  <div>
                    Age
                  </div>
                  <div
                    className="value"
                  >
                    22
                  </div>
                </div>
                <div
                  className="faceResults"
                >
                  <div>
                    Gender
                  </div>
                  <div
                    className="value"
                  >
                    Man
                  </div>
                </div>
                <div
                  className="faceResults"
                >
                  <div>
                    Dominant Emotion
                  </div>
                  <div
                    className="value"
                  >
                    happy
                  </div>
                </div>
                <div>
                  Emotion
                </div>
                <div
                  className="tabbedData"
                >
                  <div
                    className="faceResults"
                  >
                    <div>
                      angry
                    </div>
                    <div
                      className="value"
                    >
                      0.000
                      %
                    </div>
                  </div>
                  <div
                    className="faceResults"
                  >
                    <div>
                      disgust
                    </div>
                    <div
                      className="value"
                    >
                      0.000
                      %
                    </div>
                  </div>
                  <div
                    className="faceResults"
                  >
                    <div>
                      fear
                    </div>
                    <div
                      className="value"
                    >
                      0.000
                      %
                    </div>
                  </div>
                  <div
                    className="faceResults"
                  >
                    <div>
                      happy
                    </div>
                    <div
                      className="value"
                    >
                      99.986
                      %
                    </div>
                  </div>
                  <div
                    className="faceResults"
                  >
                    <div>
                      sad
                    </div>
                    <div
                      className="value"
                    >
                      0.000
                      %
                    </div>
                  </div>
                  <div
                    className="faceResults"
                  >
                    <div>
                      surprise
                    </div>
                    <div
                      className="value"
                    >
                      0.000
                      %
                    </div>
                  </div>
                  <div
                    className="faceResults"
                  >
                    <div>
                      neutral
                    </div>
                    <div
                      className="value"
                    >
                      0.014
                      %
                    </div>
                  </div>
                </div>
                <div
                  className="faceResults"
                >
                  <div>
                    Dominant Race
                  </div>
                  <div
                    className="value"
                  >
                    white
                  </div>
                </div>
                <div>
                  Race
                </div>
                <div
                  className="tabbedData"
                >
                  <div
                    className="faceResults"
                  >
                    <div>
                      Asian
                    </div>
                    <div
                      className="value"
                    >
                      0.001
                      %
                    </div>
                  </div>
                  <div
                    className="faceResults"
                  >
                    <div>
                      Indian
                    </div>
                    <div
                      className="value"
                    >
                      0.018
                      %
                    </div>
                  </div>
                  <div
                    className="faceResults"
                  >
                    <div>
                      Middle Eastern
                    </div>
                    <div
                      className="value"
                    >
                      11.545
                      %
                    </div>
                  </div>
                  <div
                    className="faceResults"
                  >
                    <div>
                      White
                    </div>
                    <div
                      className="value"
                    >
                      86.629
                      %
                    </div>
                  </div>
                  <div
                    className="faceResults"
                  >
                    <div>
                      Latino Hispanic
                    </div>
                    <div
                      className="value"
                    >
                      1.807
                      %
                    </div>
                  </div>
                  <div
                    className="faceResults"
                  >
                    <div>
                      Black
                    </div>
                    <div
                      className="value"
                    >
                      0.000
                      %
                    </div>
                  </div>
                </div>
                <div>
                  Region
                </div>
                <div
                  className="tabbedData"
                >
                  <div
                    className="faceResults"
                  >
                    <div>
                      x
                    </div>
                    <div
                      className="value"
                    >
                      17
                    </div>
                  </div>
                  <div
                    className="faceResults"
                  >
                    <div>
                      y
                    </div>
                    <div
                      className="value"
                    >
                      16
                    </div>
                  </div>
                  <div
                    className="faceResults"
                  >
                    <div>
                      w
                    </div>
                    <div
                      className="value"
                    >
                      169
                    </div>
                  </div>
                  <div
                    className="faceResults"
                  >
                    <div>
                      h
                    </div>
                    <div
                      className="value"
                    >
                      169
                    </div>
                  </div>
                </div>
              </div>
            </div>
          </div>
        </div>
      </div>
    </div>
  </div>
</div>
`;
